============================= test session starts =============================
platform win32 -- Python 3.12.7, pytest-7.4.4, pluggy-1.0.0 -- C:\Users\myhom\anaconda3\python.exe
cachedir: .pytest_cache
rootdir: C:\Users\myhom\JIHOON\bootcamp\Project3\adelie-investment
configfile: pytest.ini
plugins: anyio-4.2.0
collecting ... collected 0 items / 1 error

=================================== ERRORS ====================================
______________ ERROR collecting tests/backend/test_api_tutor.py _______________
ImportError while importing test module 'C:\Users\myhom\JIHOON\bootcamp\Project3\adelie-investment\tests\backend\test_api_tutor.py'.
Hint: make sure your test modules/packages have valid Python names.
Traceback:
..\..\..\..\anaconda3\Lib\importlib\__init__.py:90: in import_module
    return _bootstrap._gcd_import(name[level:], package, level)
tests\backend\test_api_tutor.py:6: in <module>
    from fastapi.testclient import TestClient
E   ModuleNotFoundError: No module named 'fastapi.testclient'
============================== warnings summary ===============================
..\..\..\..\anaconda3\Lib\site-packages\_pytest\config\__init__.py:1373
  C:\Users\myhom\anaconda3\Lib\site-packages\_pytest\config\__init__.py:1373: PytestConfigWarning: Unknown config option: asyncio_mode
  
    self._warn_or_fail_if_strict(f"Unknown config option: {key}\n")

-- Docs: https://docs.pytest.org/en/stable/how-to/capture-warnings.html
=========================== short test summary info ===========================
ERROR tests/backend/test_api_tutor.py
!!!!!!!!!!!!!!!!!!! Interrupted: 1 error during collection !!!!!!!!!!!!!!!!!!!!
========================= 1 warning, 1 error in 0.11s =========================
